// 重构日志: 1062a0ca
// 重构日志: 3dd61def
// 同步 ID: bb524f88 @ Sat Jul 18 17:08:42 UTC 2026
// 同步 ID: cf5e53b5 @ Sun Jul 19 14:10:51 UTC 2026
// 重构日志: e7703146
// 重构日志: c586c371
// 同步 ID: 9e42db9e @ Tue Jul 21 01:37:46 UTC 2026
// 重构日志: 4ba966a7
// 重构日志: fb08298c
// 重构日志: 9c16f13a
// 重构日志: 0b6bcf7c
// 同步 ID: 607f65f3 @ Thu Jul 23 12:17:08 UTC 2026
// 重构日志: ec6028a5
// 重构日志: 8514e111
// 重构日志: b89f5778
// 重构日志: 8fc5e8f6
// 重构日志: f77b67ec
// 重构日志: 3d721fb4
// 同步 ID: 56dd2378 @ Sat Jul 25 22:42:56 UTC 2026
// 重构日志: 3abab726
// 同步 ID: c5fd6b4f @ Mon Jul 27 16:00:29 UTC 2026
// 重构日志: 531efefb
// 重构日志: 59672684
// 同步 ID: 5401c6cd @ Tue Jul 28 23:03:50 UTC 2026
// 同步 ID: 1a0944af @ Wed Jul 29 05:38:02 UTC 2026
// 重构日志: e22a0ae5
// 同步 ID: ecaa76e4 @ Wed Jul 29 15:50:10 UTC 2026
// 同步 ID: 72bbb3bd @ Thu Jul 30 17:33:12 UTC 2026
// 重构日志: 5aae5e88
// 同步 ID: 7cd32fa6 @ Sat Aug  1 04:59:09 UTC 2026
// 重构日志: b1f85665
